  Determinando os projetos a serem restaurados...
  Todos os projetos est├úo atualizados para restaura├º├úo.
C:\Program Files\dotnet\sdk\10.0.101\Microsoft.Common.CurrentVersion.targets(5381,5): warning MSB3026: n├úo foi poss├¡vel copiar "C:\Users\Raul\Desktop\Github\FpsBooster\obj\Debug\net10.0-windows\apphost.exe" para "bin\Debug\net10.0-windows\FpsBooster.exe". Iniciando nova tentativa 1 em 1000ms. The process cannot access the file 'C:\Users\Raul\Desktop\Github\FpsBooster\bin\Debug\net10.0-windows\FpsBooster.exe' because it is being used by another process. O arquivo ├® bloqueado por: "FpsBooster.exe (18712)" [C:\Users\Raul\Desktop\Github\FpsBooster\FpsBooster.csproj]
C:\Program Files\dotnet\sdk\10.0.101\Microsoft.Common.CurrentVersion.targets(5381,5): warning MSB3026: n├úo foi poss├¡vel copiar "C:\Users\Raul\Desktop\Github\FpsBooster\obj\Debug\net10.0-windows\apphost.exe" para "bin\Debug\net10.0-windows\FpsBooster.exe". Iniciando nova tentativa 2 em 1000ms. The process cannot access the file 'C:\Users\Raul\Desktop\Github\FpsBooster\bin\Debug\net10.0-windows\FpsBooster.exe' because it is being used by another process. O arquivo ├® bloqueado por: "FpsBooster.exe (18712)" [C:\Users\Raul\Desktop\Github\FpsBooster\FpsBooster.csproj]
C:\Program Files\dotnet\sdk\10.0.101\Microsoft.Common.CurrentVersion.targets(5381,5): warning MSB3026: n├úo foi poss├¡vel copiar "C:\Users\Raul\Desktop\Github\FpsBooster\obj\Debug\net10.0-windows\apphost.exe" para "bin\Debug\net10.0-windows\FpsBooster.exe". Iniciando nova tentativa 3 em 1000ms. The process cannot access the file 'C:\Users\Raul\Desktop\Github\FpsBooster\bin\Debug\net10.0-windows\FpsBooster.exe' because it is being used by another process. O arquivo ├® bloqueado por: "FpsBooster.exe (18712)" [C:\Users\Raul\Desktop\Github\FpsBooster\FpsBooster.csproj]
C:\Program Files\dotnet\sdk\10.0.101\Microsoft.Common.CurrentVersion.targets(5381,5): warning MSB3026: n├úo foi poss├¡vel copiar "C:\Users\Raul\Desktop\Github\FpsBooster\obj\Debug\net10.0-windows\apphost.exe" para "bin\Debug\net10.0-windows\FpsBooster.exe". Iniciando nova tentativa 4 em 1000ms. The process cannot access the file 'C:\Users\Raul\Desktop\Github\FpsBooster\bin\Debug\net10.0-windows\FpsBooster.exe' because it is being used by another process. O arquivo ├® bloqueado por: "FpsBooster.exe (18712)" [C:\Users\Raul\Desktop\Github\FpsBooster\FpsBooster.csproj]
C:\Program Files\dotnet\sdk\10.0.101\Microsoft.Common.CurrentVersion.targets(5381,5): warning MSB3026: n├úo foi poss├¡vel copiar "C:\Users\Raul\Desktop\Github\FpsBooster\obj\Debug\net10.0-windows\apphost.exe" para "bin\Debug\net10.0-windows\FpsBooster.exe". Iniciando nova tentativa 5 em 1000ms. The process cannot access the file 'C:\Users\Raul\Desktop\Github\FpsBooster\bin\Debug\net10.0-windows\FpsBooster.exe' because it is being used by another process. O arquivo ├® bloqueado por: "FpsBooster.exe (18712)" [C:\Users\Raul\Desktop\Github\FpsBooster\FpsBooster.csproj]
C:\Program Files\dotnet\sdk\10.0.101\Microsoft.Common.CurrentVersion.targets(5381,5): warning MSB3026: n├úo foi poss├¡vel copiar "C:\Users\Raul\Desktop\Github\FpsBooster\obj\Debug\net10.0-windows\apphost.exe" para "bin\Debug\net10.0-windows\FpsBooster.exe". Iniciando nova tentativa 6 em 1000ms. The process cannot access the file 'C:\Users\Raul\Desktop\Github\FpsBooster\bin\Debug\net10.0-windows\FpsBooster.exe' because it is being used by another process. O arquivo ├® bloqueado por: "FpsBooster.exe (18712)" [C:\Users\Raul\Desktop\Github\FpsBooster\FpsBooster.csproj]
C:\Program Files\dotnet\sdk\10.0.101\Microsoft.Common.CurrentVersion.targets(5381,5): warning MSB3026: n├úo foi poss├¡vel copiar "C:\Users\Raul\Desktop\Github\FpsBooster\obj\Debug\net10.0-windows\apphost.exe" para "bin\Debug\net10.0-windows\FpsBooster.exe". Iniciando nova tentativa 7 em 1000ms. The process cannot access the file 'C:\Users\Raul\Desktop\Github\FpsBooster\bin\Debug\net10.0-windows\FpsBooster.exe' because it is being used by another process. O arquivo ├® bloqueado por: "FpsBooster.exe (18712)" [C:\Users\Raul\Desktop\Github\FpsBooster\FpsBooster.csproj]
C:\Program Files\dotnet\sdk\10.0.101\Microsoft.Common.CurrentVersion.targets(5381,5): warning MSB3026: n├úo foi poss├¡vel copiar "C:\Users\Raul\Desktop\Github\FpsBooster\obj\Debug\net10.0-windows\apphost.exe" para "bin\Debug\net10.0-windows\FpsBooster.exe". Iniciando nova tentativa 8 em 1000ms. The process cannot access the file 'C:\Users\Raul\Desktop\Github\FpsBooster\bin\Debug\net10.0-windows\FpsBooster.exe' because it is being used by another process. O arquivo ├® bloqueado por: "FpsBooster.exe (18712)" [C:\Users\Raul\Desktop\Github\FpsBooster\FpsBooster.csproj]
C:\Program Files\dotnet\sdk\10.0.101\Microsoft.Common.CurrentVersion.targets(5381,5): warning MSB3026: n├úo foi poss├¡vel copiar "C:\Users\Raul\Desktop\Github\FpsBooster\obj\Debug\net10.0-windows\apphost.exe" para "bin\Debug\net10.0-windows\FpsBooster.exe". Iniciando nova tentativa 9 em 1000ms. The process cannot access the file 'C:\Users\Raul\Desktop\Github\FpsBooster\bin\Debug\net10.0-windows\FpsBooster.exe' because it is being used by another process. O arquivo ├® bloqueado por: "FpsBooster.exe (18712)" [C:\Users\Raul\Desktop\Github\FpsBooster\FpsBooster.csproj]
C:\Program Files\dotnet\sdk\10.0.101\Microsoft.Common.CurrentVersion.targets(5381,5): warning MSB3026: n├úo foi poss├¡vel copiar "C:\Users\Raul\Desktop\Github\FpsBooster\obj\Debug\net10.0-windows\apphost.exe" para "bin\Debug\net10.0-windows\FpsBooster.exe". Iniciando nova tentativa 10 em 1000ms. The process cannot access the file 'C:\Users\Raul\Desktop\Github\FpsBooster\bin\Debug\net10.0-windows\FpsBooster.exe' because it is being used by another process. O arquivo ├® bloqueado por: "FpsBooster.exe (18712)" [C:\Users\Raul\Desktop\Github\FpsBooster\FpsBooster.csproj]
C:\Program Files\dotnet\sdk\10.0.101\Microsoft.Common.CurrentVersion.targets(5381,5): error MSB3027: n├úo foi poss├¡vel copiar "C:\Users\Raul\Desktop\Github\FpsBooster\obj\Debug\net10.0-windows\apphost.exe" para "bin\Debug\net10.0-windows\FpsBooster.exe". N├║mero de novas tentativas 10 excedido. Falha. O arquivo ├® bloqueado por: "FpsBooster.exe (18712)" [C:\Users\Raul\Desktop\Github\FpsBooster\FpsBooster.csproj]
C:\Program Files\dotnet\sdk\10.0.101\Microsoft.Common.CurrentVersion.targets(5381,5): error MSB3021: N├úo ├® poss├¡vel copiar o arquivo "C:\Users\Raul\Desktop\Github\FpsBooster\obj\Debug\net10.0-windows\apphost.exe" para "bin\Debug\net10.0-windows\FpsBooster.exe". The process cannot access the file 'C:\Users\Raul\Desktop\Github\FpsBooster\bin\Debug\net10.0-windows\FpsBooster.exe' because it is being used by another process. [C:\Users\Raul\Desktop\Github\FpsBooster\FpsBooster.csproj]

FALHA da compila├º├úo.

C:\Program Files\dotnet\sdk\10.0.101\Microsoft.Common.CurrentVersion.targets(5381,5): warning MSB3026: n├úo foi poss├¡vel copiar "C:\Users\Raul\Desktop\Github\FpsBooster\obj\Debug\net10.0-windows\apphost.exe" para "bin\Debug\net10.0-windows\FpsBooster.exe". Iniciando nova tentativa 1 em 1000ms. The process cannot access the file 'C:\Users\Raul\Desktop\Github\FpsBooster\bin\Debug\net10.0-windows\FpsBooster.exe' because it is being used by another process. O arquivo ├® bloqueado por: "FpsBooster.exe (18712)" [C:\Users\Raul\Desktop\Github\FpsBooster\FpsBooster.csproj]
C:\Program Files\dotnet\sdk\10.0.101\Microsoft.Common.CurrentVersion.targets(5381,5): warning MSB3026: n├úo foi poss├¡vel copiar "C:\Users\Raul\Desktop\Github\FpsBooster\obj\Debug\net10.0-windows\apphost.exe" para "bin\Debug\net10.0-windows\FpsBooster.exe". Iniciando nova tentativa 2 em 1000ms. The process cannot access the file 'C:\Users\Raul\Desktop\Github\FpsBooster\bin\Debug\net10.0-windows\FpsBooster.exe' because it is being used by another process. O arquivo ├® bloqueado por: "FpsBooster.exe (18712)" [C:\Users\Raul\Desktop\Github\FpsBooster\FpsBooster.csproj]
C:\Program Files\dotnet\sdk\10.0.101\Microsoft.Common.CurrentVersion.targets(5381,5): warning MSB3026: n├úo foi poss├¡vel copiar "C:\Users\Raul\Desktop\Github\FpsBooster\obj\Debug\net10.0-windows\apphost.exe" para "bin\Debug\net10.0-windows\FpsBooster.exe". Iniciando nova tentativa 3 em 1000ms. The process cannot access the file 'C:\Users\Raul\Desktop\Github\FpsBooster\bin\Debug\net10.0-windows\FpsBooster.exe' because it is being used by another process. O arquivo ├® bloqueado por: "FpsBooster.exe (18712)" [C:\Users\Raul\Desktop\Github\FpsBooster\FpsBooster.csproj]
C:\Program Files\dotnet\sdk\10.0.101\Microsoft.Common.CurrentVersion.targets(5381,5): warning MSB3026: n├úo foi poss├¡vel copiar "C:\Users\Raul\Desktop\Github\FpsBooster\obj\Debug\net10.0-windows\apphost.exe" para "bin\Debug\net10.0-windows\FpsBooster.exe". Iniciando nova tentativa 4 em 1000ms. The process cannot access the file 'C:\Users\Raul\Desktop\Github\FpsBooster\bin\Debug\net10.0-windows\FpsBooster.exe' because it is being used by another process. O arquivo ├® bloqueado por: "FpsBooster.exe (18712)" [C:\Users\Raul\Desktop\Github\FpsBooster\FpsBooster.csproj]
C:\Program Files\dotnet\sdk\10.0.101\Microsoft.Common.CurrentVersion.targets(5381,5): warning MSB3026: n├úo foi poss├¡vel copiar "C:\Users\Raul\Desktop\Github\FpsBooster\obj\Debug\net10.0-windows\apphost.exe" para "bin\Debug\net10.0-windows\FpsBooster.exe". Iniciando nova tentativa 5 em 1000ms. The process cannot access the file 'C:\Users\Raul\Desktop\Github\FpsBooster\bin\Debug\net10.0-windows\FpsBooster.exe' because it is being used by another process. O arquivo ├® bloqueado por: "FpsBooster.exe (18712)" [C:\Users\Raul\Desktop\Github\FpsBooster\FpsBooster.csproj]
C:\Program Files\dotnet\sdk\10.0.101\Microsoft.Common.CurrentVersion.targets(5381,5): warning MSB3026: n├úo foi poss├¡vel copiar "C:\Users\Raul\Desktop\Github\FpsBooster\obj\Debug\net10.0-windows\apphost.exe" para "bin\Debug\net10.0-windows\FpsBooster.exe". Iniciando nova tentativa 6 em 1000ms. The process cannot access the file 'C:\Users\Raul\Desktop\Github\FpsBooster\bin\Debug\net10.0-windows\FpsBooster.exe' because it is being used by another process. O arquivo ├® bloqueado por: "FpsBooster.exe (18712)" [C:\Users\Raul\Desktop\Github\FpsBooster\FpsBooster.csproj]
C:\Program Files\dotnet\sdk\10.0.101\Microsoft.Common.CurrentVersion.targets(5381,5): warning MSB3026: n├úo foi poss├¡vel copiar "C:\Users\Raul\Desktop\Github\FpsBooster\obj\Debug\net10.0-windows\apphost.exe" para "bin\Debug\net10.0-windows\FpsBooster.exe". Iniciando nova tentativa 7 em 1000ms. The process cannot access the file 'C:\Users\Raul\Desktop\Github\FpsBooster\bin\Debug\net10.0-windows\FpsBooster.exe' because it is being used by another process. O arquivo ├® bloqueado por: "FpsBooster.exe (18712)" [C:\Users\Raul\Desktop\Github\FpsBooster\FpsBooster.csproj]
C:\Program Files\dotnet\sdk\10.0.101\Microsoft.Common.CurrentVersion.targets(5381,5): warning MSB3026: n├úo foi poss├¡vel copiar "C:\Users\Raul\Desktop\Github\FpsBooster\obj\Debug\net10.0-windows\apphost.exe" para "bin\Debug\net10.0-windows\FpsBooster.exe". Iniciando nova tentativa 8 em 1000ms. The process cannot access the file 'C:\Users\Raul\Desktop\Github\FpsBooster\bin\Debug\net10.0-windows\FpsBooster.exe' because it is being used by another process. O arquivo ├® bloqueado por: "FpsBooster.exe (18712)" [C:\Users\Raul\Desktop\Github\FpsBooster\FpsBooster.csproj]
C:\Program Files\dotnet\sdk\10.0.101\Microsoft.Common.CurrentVersion.targets(5381,5): warning MSB3026: n├úo foi poss├¡vel copiar "C:\Users\Raul\Desktop\Github\FpsBooster\obj\Debug\net10.0-windows\apphost.exe" para "bin\Debug\net10.0-windows\FpsBooster.exe". Iniciando nova tentativa 9 em 1000ms. The process cannot access the file 'C:\Users\Raul\Desktop\Github\FpsBooster\bin\Debug\net10.0-windows\FpsBooster.exe' because it is being used by another process. O arquivo ├® bloqueado por: "FpsBooster.exe (18712)" [C:\Users\Raul\Desktop\Github\FpsBooster\FpsBooster.csproj]
C:\Program Files\dotnet\sdk\10.0.101\Microsoft.Common.CurrentVersion.targets(5381,5): warning MSB3026: n├úo foi poss├¡vel copiar "C:\Users\Raul\Desktop\Github\FpsBooster\obj\Debug\net10.0-windows\apphost.exe" para "bin\Debug\net10.0-windows\FpsBooster.exe". Iniciando nova tentativa 10 em 1000ms. The process cannot access the file 'C:\Users\Raul\Desktop\Github\FpsBooster\bin\Debug\net10.0-windows\FpsBooster.exe' because it is being used by another process. O arquivo ├® bloqueado por: "FpsBooster.exe (18712)" [C:\Users\Raul\Desktop\Github\FpsBooster\FpsBooster.csproj]
C:\Program Files\dotnet\sdk\10.0.101\Microsoft.Common.CurrentVersion.targets(5381,5): error MSB3027: n├úo foi poss├¡vel copiar "C:\Users\Raul\Desktop\Github\FpsBooster\obj\Debug\net10.0-windows\apphost.exe" para "bin\Debug\net10.0-windows\FpsBooster.exe". N├║mero de novas tentativas 10 excedido. Falha. O arquivo ├® bloqueado por: "FpsBooster.exe (18712)" [C:\Users\Raul\Desktop\Github\FpsBooster\FpsBooster.csproj]
C:\Program Files\dotnet\sdk\10.0.101\Microsoft.Common.CurrentVersion.targets(5381,5): error MSB3021: N├úo ├® poss├¡vel copiar o arquivo "C:\Users\Raul\Desktop\Github\FpsBooster\obj\Debug\net10.0-windows\apphost.exe" para "bin\Debug\net10.0-windows\FpsBooster.exe". The process cannot access the file 'C:\Users\Raul\Desktop\Github\FpsBooster\bin\Debug\net10.0-windows\FpsBooster.exe' because it is being used by another process. [C:\Users\Raul\Desktop\Github\FpsBooster\FpsBooster.csproj]
    10 Aviso(s)
    2 Erro(s)

Tempo Decorrido 00:00:12.07
